Welcome to the MySQL monitor.  Commands end with ; or \g.
Your MySQL connection id is 1776693
Server version: 5.1.71-log Source distribution

Copyright (c) 2000, 2013, Oracle and/or its affiliates. All rights reserved.

Oracle is a registered trademark of Oracle Corporation and/or its
affiliates. Other names may be trademarks of their respective
owners.

Type 'help;' or '\h' for help. Type '\c' to clear the current input statement.

mysql> set sql_mode='traditional';
Query OK, 0 rows affected (0.00 sec)

mysql> source dba1lesson6project2.sql
ERROR 1064 (42000): You have an error in your SQL syntax; check the manual that corresponds to your MySQL server version for the right syntax to use near 'CustomerAccounts as C on ((A.CustomerID=P.CustomerID) AND (A.CustomerID=C.Custom' at line 3
mysql> source dba1lesson6project2.sql
ERROR 1054 (42S22): Unknown column 'A.CustomerID' in 'field list'
mysql> source dba1lesson6project2.sql
+------------+-----------+-----------+----------------------+-----------------+------------------+---------------+---------------------+--------+
| CustomerID | FirstName | LastName  | Address              | EmailAddress    | FavoriteArtistID | CurrentCredit | DateOfPurchase      | SongID |
+------------+-----------+-----------+----------------------+-----------------+------------------+---------------+---------------------+--------+
|          1 | Alice     | Jones     | 123 Ash Street       | alice@home.com  |                1 |             0 | 2014-05-22 21:45:34 |      1 |
|          1 | Alice     | Jones     | 123 Ash Street       | alice@home.com  |                1 |             0 | 2014-05-22 21:45:34 |      2 |
|          1 | Alice     | Jones     | 123 Ash Street       | alice@home.com  |                1 |             0 | 2014-05-22 21:45:34 |      3 |
|          2 | Bob       | Smith     | 234 Birch Street     | bob@home.com    |                2 |             5 | NULL                |   NULL |
|          3 | Carol     | Hernandez | 345 Conifer Street   | carol@home.com  |                2 |            10 | NULL                |   NULL |
|          4 | David     | Goldsmith | 456 Date Palm Street | david@home.com  |                4 |            20 | NULL                |   NULL |
|          5 | Eunice    | Cho       | 567 Evergreen Street | eunice@home.com |                1 |            40 | 2014-05-22 21:45:34 |      2 |
|          5 | Eunice    | Cho       | 567 Evergreen Street | eunice@home.com |                1 |            40 | 2014-05-22 21:45:34 |      5 |
+------------+-----------+-----------+----------------------+-----------------+------------------+---------------+---------------------+--------+
8 rows in set (0.00 sec)

mysql> select * from ATunesCustomers;
+------------+-----------+-----------+----------------------+-----------------+------------------+
| CustomerID | FirstName | LastName  | Address              | EmailAddress    | FavoriteArtistID |
+------------+-----------+-----------+----------------------+-----------------+------------------+
|          1 | Alice     | Jones     | 123 Ash Street       | alice@home.com  |                1 |
|          2 | Bob       | Smith     | 234 Birch Street     | bob@home.com    |                2 |
|          3 | Carol     | Hernandez | 345 Conifer Street   | carol@home.com  |                2 |
|          4 | David     | Goldsmith | 456 Date Palm Street | david@home.com  |                4 |
|          5 | Eunice    | Cho       | 567 Evergreen Street | eunice@home.com |                1 |
+------------+-----------+-----------+----------------------+-----------------+------------------+
5 rows in set (0.00 sec)

mysql> select * from ATunesCustomers;
+------------+-----------+-----------+----------------------+-----------------+------------------+
| CustomerID | FirstName | LastName  | Address              | EmailAddress    | FavoriteArtistID |
+------------+-----------+-----------+----------------------+-----------------+------------------+
|          1 | Alice     | Jones     | 123 Ash Street       | alice@home.com  |                1 |
|          2 | Bob       | Smith     | 234 Birch Street     | bob@home.com    |                2 |
|          3 | Carol     | Hernandez | 345 Conifer Street   | carol@home.com  |                2 |
|          4 | David     | Goldsmith | 456 Date Palm Street | david@home.com  |                4 |
|          5 | Eunice    | Cho       | 567 Evergreen Street | eunice@home.com |                1 |
+------------+-----------+-----------+----------------------+-----------------+------------------+
5 rows in set (0.00 sec)

mysql> source dba1lesson6project2.sql
Query OK, 1 row affected (0.01 sec)

+------------+-----------+-----------+----------------------+-----------------+------------------+---------------+---------------------+--------+
| CustomerID | FirstName | LastName  | Address              | EmailAddress    | FavoriteArtistID | CurrentCredit | DateOfPurchase      | SongID |
+------------+-----------+-----------+----------------------+-----------------+------------------+---------------+---------------------+--------+
|          1 | Alice     | Jones     | 123 Ash Street       | alice@home.com  |                1 |             0 | 2014-05-22 21:45:34 |      1 |
|          1 | Alice     | Jones     | 123 Ash Street       | alice@home.com  |                1 |             0 | 2014-05-22 21:45:34 |      2 |
|          1 | Alice     | Jones     | 123 Ash Street       | alice@home.com  |                1 |             0 | 2014-05-22 21:45:34 |      3 |
|          2 | Bob       | Smith     | 234 Birch Street     | bob@home.com    |                2 |             5 | NULL                |   NULL |
|          3 | Carol     | Hernandez | 345 Conifer Street   | carol@home.com  |                2 |            10 | NULL                |   NULL |
|          4 | David     | Goldsmith | 456 Date Palm Street | david@home.com  |                4 |            20 | NULL                |   NULL |
|          5 | Eunice    | Cho       | 567 Evergreen Street | eunice@home.com |                1 |            40 | 2014-05-22 21:45:34 |      2 |
|          5 | Eunice    | Cho       | 567 Evergreen Street | eunice@home.com |                1 |            40 | 2014-05-22 21:45:34 |      5 |
|          6 | Frank     | Mahmoud   | 678 Fern Ave         | frank@home.com  |             NULL |          NULL | NULL                |   NULL |
+------------+-----------+-----------+----------------------+-----------------+------------------+---------------+---------------------+--------+
9 rows in set (0.01 sec)

mysql> source dba1lesson6project2.sql
+------------+-----------+-----------+----------------------+-----------------+------------------+---------------+---------------------+--------+
| CustomerID | FirstName | LastName  | Address              | EmailAddress    | FavoriteArtistID | CurrentCredit | DateOfPurchase      | SongID |
+------------+-----------+-----------+----------------------+-----------------+------------------+---------------+---------------------+--------+
|          1 | Alice     | Jones     | 123 Ash Street       | alice@home.com  |                1 |             0 | 2014-05-22 21:45:34 |      1 |
|          1 | Alice     | Jones     | 123 Ash Street       | alice@home.com  |                1 |             0 | 2014-05-22 21:45:34 |      2 |
|          1 | Alice     | Jones     | 123 Ash Street       | alice@home.com  |                1 |             0 | 2014-05-22 21:45:34 |      3 |
|          2 | Bob       | Smith     | 234 Birch Street     | bob@home.com    |                2 |             5 | NULL                |   NULL |
|          3 | Carol     | Hernandez | 345 Conifer Street   | carol@home.com  |                2 |            10 | NULL                |   NULL |
|          4 | David     | Goldsmith | 456 Date Palm Street | david@home.com  |                4 |            20 | NULL                |   NULL |
|          5 | Eunice    | Cho       | 567 Evergreen Street | eunice@home.com |                1 |            40 | 2014-05-22 21:45:34 |      2 |
|          5 | Eunice    | Cho       | 567 Evergreen Street | eunice@home.com |                1 |            40 | 2014-05-22 21:45:34 |      5 |
|          6 | Frank     | Mahmoud   | 678 Fern Ave         | frank@home.com  |             NULL |          NULL | NULL                |   NULL |
+------------+-----------+-----------+----------------------+-----------------+------------------+---------------+---------------------+--------+
9 rows in set (0.00 sec)

mysql> source dba1lesson6project2.sql
+------------+-----------+-----------+----------------------+-----------------+------------------+---------------+---------------------+--------+
| CustomerID | FirstName | LastName  | Address              | EmailAddress    | FavoriteArtistID | CurrentCredit | DateOfPurchase      | SongID |
+------------+-----------+-----------+----------------------+-----------------+------------------+---------------+---------------------+--------+
|          1 | Alice     | Jones     | 123 Ash Street       | alice@home.com  |                1 |             0 | 2014-05-22 21:45:34 |      1 |
|          1 | Alice     | Jones     | 123 Ash Street       | alice@home.com  |                1 |             0 | 2014-05-22 21:45:34 |      2 |
|          1 | Alice     | Jones     | 123 Ash Street       | alice@home.com  |                1 |             0 | 2014-05-22 21:45:34 |      3 |
|          2 | Bob       | Smith     | 234 Birch Street     | bob@home.com    |                2 |             5 | NULL                |   NULL |
|          3 | Carol     | Hernandez | 345 Conifer Street   | carol@home.com  |                2 |            10 | NULL                |   NULL |
|          4 | David     | Goldsmith | 456 Date Palm Street | david@home.com  |                4 |            20 | NULL                |   NULL |
|          5 | Eunice    | Cho       | 567 Evergreen Street | eunice@home.com |                1 |            40 | 2014-05-22 21:45:34 |      2 |
|          5 | Eunice    | Cho       | 567 Evergreen Street | eunice@home.com |                1 |            40 | 2014-05-22 21:45:34 |      5 |
|          6 | Frank     | Mahmoud   | 678 Fern Ave         | frank@home.com  |             NULL |          NULL | NULL                |   NULL |
+------------+-----------+-----------+----------------------+-----------------+------------------+---------------+---------------------+--------+
9 rows in set (0.00 sec)

mysql> select * from Artists;
+----------+----------------+-----------------------------+
| ArtistID | ArtistName     | BandWebURL                  |
+----------+----------------+-----------------------------+
|        1 | Bob Dylan      | www.bobdylan.com            |
|        2 | Johnny Cash    | www.johnnycash.com          |
|        3 | The Beatles    | www.thebeatles.com          |
|        4 | Rolling Stones | www.rollingstones.com       |
|        5 | The Time Lords | http://youtu.be/bdTELokKfCk |
+----------+----------------+-----------------------------+
5 rows in set (0.00 sec)

mysql> exit
